<html>
<body>
<pre>
<h1>µVision Build Log</h1>
<h2>Project:</h2>
C:\Users\PARTH\Desktop\sarthak_arm\UART 1\UART0.uvproj
Project File Date:  01/21/2018

<h2>Output:</h2>
Rebuild target 'Target 1'
assembling Startup.s...
compiling uatr1.c...
uatr1.c(59): warning:  #223-D: function "strcmp" declared implicitly
linking...
Program Size: Code=1164 RO-data=16 RW-data=0 ZI-data=1256  
FromELF: creating hex file...
"UART0.axf" - 0 Error(s), 1 Warning(s).
Rebuild target 'Target 1'
assembling Startup.s...
compiling uatr1.c...
linking...
Program Size: Code=1032 RO-data=16 RW-data=0 ZI-data=1256  
FromELF: creating hex file...
"UART0.axf" - 0 Error(s), 0 Warning(s).
Rebuild target 'Target 1'
assembling Startup.s...
compiling uatr1.c...
linking...
Program Size: Code=1052 RO-data=16 RW-data=0 ZI-data=1256  
FromELF: creating hex file...
"UART0.axf" - 0 Error(s), 0 Warning(s).
Rebuild target 'Target 1'
assembling Startup.s...
compiling uatr1.c...
linking...
Program Size: Code=1032 RO-data=16 RW-data=0 ZI-data=1256  
FromELF: creating hex file...
"UART0.axf" - 0 Error(s), 0 Warning(s).
Rebuild target 'Target 1'
assembling Startup.s...
compiling uatr1.c...
linking...
Program Size: Code=1052 RO-data=16 RW-data=0 ZI-data=1256  
FromELF: creating hex file...
"UART0.axf" - 0 Error(s), 0 Warning(s).
Rebuild target 'Target 1'
assembling Startup.s...
compiling uatr1.c...
linking...
Program Size: Code=1060 RO-data=16 RW-data=0 ZI-data=1256  
FromELF: creating hex file...
"UART0.axf" - 0 Error(s), 0 Warning(s).
Rebuild target 'Target 1'
assembling Startup.s...
compiling uatr1.c...
linking...
Program Size: Code=1064 RO-data=16 RW-data=0 ZI-data=1256  
FromELF: creating hex file...
"UART0.axf" - 0 Error(s), 0 Warning(s).
Rebuild target 'Target 1'
assembling Startup.s...
compiling uatr1.c...
linking...
Program Size: Code=1040 RO-data=16 RW-data=0 ZI-data=1256  
FromELF: creating hex file...
"UART0.axf" - 0 Error(s), 0 Warning(s).
Rebuild target 'Target 1'
assembling Startup.s...
compiling uatr1.c...
linking...
Program Size: Code=1044 RO-data=16 RW-data=0 ZI-data=1256  
FromELF: creating hex file...
"UART0.axf" - 0 Error(s), 0 Warning(s).
Rebuild target 'Target 1'
assembling Startup.s...
compiling uatr1.c...
linking...
Program Size: Code=1076 RO-data=16 RW-data=0 ZI-data=1256  
FromELF: creating hex file...
"UART0.axf" - 0 Error(s), 0 Warning(s).
Rebuild target 'Target 1'
assembling Startup.s...
compiling uatr1.c...
linking...
Program Size: Code=1092 RO-data=16 RW-data=0 ZI-data=1256  
FromELF: creating hex file...
"UART0.axf" - 0 Error(s), 0 Warning(s).
